SQL> SPOOL
currently spooling to PRACT5.lst
SQL> SPOOL
currently spooling to PRACT5.lst
SQL> SELECT A
  2  FROM ASIGNATURA
  3  NATURAL JOIN AREA
  4  WHERE AR LIKE 'A%';

A                                                                               
--------------------------------------------------                              
ALGEBRA                                                                         
ASTRONOMIA                                                                      
ANALISIS COMPLEJO                                                               

SQL> SELECT A
  2  FROM ASIGNATURA
  3  NATURAL JOIN AREA
  4  WHERE AR LIKE '%A';

A                                                                               
--------------------------------------------------                              
ALGEBRA                                                                         
CALCULO                                                                         
OPTIMIZACION                                                                    
ASTRONOMIA                                                                      
ENSENANZA DE LA MATEMATICA                                                      

SQL> SELECT A
  2  FROM ASIGNATURA
  3  WHERE A LIKE '%DATOS%';

A                                                                               
--------------------------------------------------                              
BASES DE DATOS                                                                  
ALMACENES DE DATOS                                                              
MINERIA DE DATOS                                                                

SQL> SELECT DNI
  2  FROM PROFESOR
  3  WHERE P LIKE '__R%';

       DNI                                                                      
----------                                                                      
      2222                                                                      
      4444                                                                      
      6666                                                                      
      7777                                                                      

SQL> SELECT DISTINCT DNI
  2  FROM PROFESOR
  3  WHERE LENGTH(P)<=5;

       DNI                                                                      
----------                                                                      
      1111                                                                      
      3333                                                                      
      4444                                                                      
      5555                                                                      
      7777                                                                      
      1010                                                                      

6 rows selected.

SQL> SELECT DISTINCT DNI
  2  FROM PROFESOR
  3  WHERE LENGTH(P)>=5;

       DNI                                                                      
----------                                                                      
      2222                                                                      
      3333                                                                      
      4444                                                                      
      6666                                                                      
      7777                                                                      
      8888                                                                      
      9999                                                                      
      1010                                                                      
      2020                                                                      
      3030                                                                      

10 rows selected.

SQL> SELECT P
  2  FROM PROFESOR
  3  NATURAL JOIN PLAN_DOCENTE
  4  WHERE FF IS NULL;

P                                                                               
------------------------------------------------------------                    
DAVID                                                                           
JUAN                                                                            
SOLEDAD                                                                         
CARLOS                                                                          
JOSE MANUEL                                                                     
PEDRO                                                                           
PEDRO                                                                           
MARIA                                                                           
MARIA                                                                           
IVAN                                                                            
MARIO                                                                           

P                                                                               
------------------------------------------------------------                    
FRANCISCO                                                                       
ANGELA                                                                          

13 rows selected.

SQL> SELECT DISTINCT P
  2  FROM PROFESOR
  3  NATURAL JOIN PLAN_DOCENTE
  4  WHERE FF IS NULL;

P                                                                               
------------------------------------------------------------                    
MARIO                                                                           
JUAN                                                                            
PEDRO                                                                           
FRANCISCO                                                                       
SOLEDAD                                                                         
DAVID                                                                           
CARLOS                                                                          
IVAN                                                                            
MARIA                                                                           
JOSE MANUEL                                                                     
ANGELA                                                                          

11 rows selected.

SQL> SELECT DISTINCT P
  2  FROM PROFESOR
  3  NATURAL JOIN PLAN_DOCENTE
  4  WHERE CAS=8;

P                                                                               
------------------------------------------------------------                    
JUAN                                                                            
JOSE MANUEL                                                                     

SQL> SELECT *
  2  FROM PLAN_DOCENTE
  3  ORDER BY FF ASC;

       DNI        CAS        CTA        CPA        CLA FI        FF             
---------- ---------- ---------- ---------- ---------- --------- ---------      
      2222          3        1.5          0        1.5 01-SEP-06 31-AUG-07      
      1010          2        1.5        1.5          3 01-SEP-05 31-AUG-08      
      1010          9          3          0          3 01-SEP-08 31-AUG-09      
      1111          8          3        1.5        1.5 01-SEP-07 31-AUG-09      
      4444          4        1.5          0        1.5 01-SEP-08 31-AUG-10      
      6666         10          3        1.5        1.5 01-SEP-08 31-AUG-11      
      1010          9        1.5          0        1.5 01-SEP-09                
      9999          7          3          3          0 01-SEP-10                
      5555          6          3          3          0 31-MAR-10                
      8888         11          6          0          0 01-SEP-09                
      2020          3        1.5          0        1.5 01-SEP-08                

       DNI        CAS        CTA        CPA        CLA FI        FF             
---------- ---------- ---------- ---------- ---------- --------- ---------      
      7777         12        4.5          3          0 01-SEP-10                
      3333          9        1.5          0        1.5 01-SEP-09                
      2222          4        1.5          0        1.5 01-SEP-09                
      3030          8          0        1.5        1.5 01-SEP-09                
      1111          8          3          0          0 01-SEP-09                
      4444          5          3          0          0 01-SEP-10                
      4444          1          3        1.5        1.5 01-SEP-11                
      3333          2        1.5        1.5          3 01-SEP-08                

19 rows selected.

SQL> SELECT *
  2  FROM PLAN_DOCENTE
  3  ORDER BY FF DESC;

       DNI        CAS        CTA        CPA        CLA FI        FF             
---------- ---------- ---------- ---------- ---------- --------- ---------      
      4444          1          3        1.5        1.5 01-SEP-11                
      3333          2        1.5        1.5          3 01-SEP-08                
      7777         12        4.5          3          0 01-SEP-10                
      2020          3        1.5          0        1.5 01-SEP-08                
      8888         11          6          0          0 01-SEP-09                
      5555          6          3          3          0 31-MAR-10                
      9999          7          3          3          0 01-SEP-10                
      4444          5          3          0          0 01-SEP-10                
      1111          8          3          0          0 01-SEP-09                
      3030          8          0        1.5        1.5 01-SEP-09                
      2222          4        1.5          0        1.5 01-SEP-09                

       DNI        CAS        CTA        CPA        CLA FI        FF             
---------- ---------- ---------- ---------- ---------- --------- ---------      
      3333          9        1.5          0        1.5 01-SEP-09                
      1010          9        1.5          0        1.5 01-SEP-09                
      6666         10          3        1.5        1.5 01-SEP-08 31-AUG-11      
      4444          4        1.5          0        1.5 01-SEP-08 31-AUG-10      
      1010          9          3          0          3 01-SEP-08 31-AUG-09      
      1111          8          3        1.5        1.5 01-SEP-07 31-AUG-09      
      1010          2        1.5        1.5          3 01-SEP-05 31-AUG-08      
      2222          3        1.5          0        1.5 01-SEP-06 31-AUG-07      

19 rows selected.

SQL> SELECT P
  2  FROM PROFESOR
  3  NATURAL JOIN ASIGNATURA NATURAL JOIN PLAN_DOCENTE
  4  WHERE A='OPTIMIZACION'
  5  ORDER BY P ASC;

P                                                                               
------------------------------------------------------------                    
JOSE MANUEL                                                                     
JUAN                                                                            
JUAN                                                                            

SQL> SELECT DISTINCT P
  2  FROM PROFESOR
  3  NATURAL JOIN ASIGNATURA NATURAL JOIN PLAN_DOCENTE
  4  WHERE A='OPTIMIZACION'
  5  ORDER BY P ASC;

P                                                                               
------------------------------------------------------------                    
JOSE MANUEL                                                                     
JUAN                                                                            

SQL> SELECT DISTINCT P
  2  
SQL> SELECT DISTINCT P
  2  FROM PROFESOR
  3  NATURAL JOIN AREA NATURAL JOIN DEPARTAMENTO
  4  WHERE D='MATEMATICA FUNDAMENTAL'
  5  ORDER BY P DESC;

P                                                                               
------------------------------------------------------------                    
IVAN                                                                            

SQL> SELECT DISTINCT A
  2  FROM ASIGNATURA
  3  NATURAL JOIN PLAN_DOCENTE
  4  WHERE DNI=1010;

A                                                                               
--------------------------------------------------                              
GESTION DE RIESGOS                                                              
INTELIGENCIA ARTIFICIAL                                                         

SQL> SELECT DISTINCT A
  2  FROM ASIGNATURA
  3  NATURAL JOIN PLAN_DOCENTE NATURAL JOIN PROFESOR
  4  WHERE P='DAVID';

A                                                                               
--------------------------------------------------                              
GESTION DE RIESGOS                                                              
INTELIGENCIA ARTIFICIAL                                                         

SQL> SELECT DISTINCT AR
  2  FROM AREA
  3  NATURAL JOIN DEPARTAMENTO
  4  WHERE D='ESTADISTICA, INVESTIGACION OPERATIVA Y COMPUTACION';

AR                                                                              
------------------------------------------------------------                    
CIENCIAS DE LA COMPUTACION E INTELIGENCIA ARTIFICIAL                            
ESTADISTICA E INVESTIGACION OPERATIVA                                           
LENGUAJES Y SISTEMAS INFORMATICOS                                               

SQL> SELECT DISTINCT A
  2  FROM ASIGNATURA
  3  NATURAL JOIN PROFESOR NATURAL JOIN PLAN_DOCENTE
  4  WHERE CAT='CU'
  5  AND FF IS NULL;

A                                                                               
--------------------------------------------------                              
OPTIMIZACION                                                                    
ALMACENES DE DATOS                                                              

SQL> SELECT DISTINCT A
  2  FROM ASIGNATURA
  3  NATURAL JOIN PROFESOR NATURAL JOIN PLAN_DOCENTE
  4  
SQL> 
SQL> SELECT DISTINCT A
  2  FROM ASIGNATURA
  3  NATURAL JOIN PROFESOR NATURAL JOIN PLAN_DOCENTE
  4  WHERE CAT='CU';

A                                                                               
--------------------------------------------------                              
OPTIMIZACION                                                                    
ALMACENES DE DATOS                                                              

SQL> SELECT DISTINCT A
  2  FROM ASIGNATURA
  3  NATURAL JOIN AREA
  4  WHERE AR='LENGUAJES Y SISTEMAS INFORMATICOS'
  5  OR AR='CIENCIAS DE LA COMPUTACION E INTELIGENCIA ARTIFIAL';

A                                                                               
--------------------------------------------------                              
BASES DE DATOS                                                                  
INFORMATICA BASICA                                                              
MINERIA DE DATOS                                                                
ALMACENES DE DATOS                                                              

SQL> SELECT DISTINCT A
  2  FROM ASIGNATURA
  3  NATURAL JOIN AREA
  4  WHERE AR='LENGUAJES Y SISTEMAS INFORMATICOS'
  5  OR AR='CIENCIAS DE LA COMPUTACION E INTELIGENCIA ARTIFICIAL';

A                                                                               
--------------------------------------------------                              
BASES DE DATOS                                                                  
INFORMATICA BASICA                                                              
GESTION DE RIESGOS                                                              
INTELIGENCIA ARTIFICIAL                                                         
MINERIA DE DATOS                                                                
ALMACENES DE DATOS                                                              

6 rows selected.

SQL> SELECT DISTINCT P
  2  FROM PROFESOR
  3  NATURAL JOIN ASIGNATURA NATURAL JOIN PLAN_DOCENTE
  4  WHERE T='GII'
  5  OR T='MII'
  6  AND FF IS NULL;

P                                                                               
------------------------------------------------------------                    
JUAN                                                                            
PEDRO                                                                           
SOLEDAD                                                                         
CARLOS                                                                          
IVAN                                                                            
DAVID                                                                           
MARIA                                                                           
JOSE MANUEL                                                                     
ANGELA                                                                          

9 rows selected.

SQL> SELECT DISTINCT P
  2  FROM PROFESOR
  3  NATURAL JOIN ASIGNATURA NATURAL JOIN PLAN_DOCENTE
  4  WHERE T='GII'
  5  AND T='MII'
  6  AND FF IS NULL;

no rows selected

SQL> SELECT DISTINCT P
  2  FROM PROFESOR
  3  NATURAL JOIN PLAN_DOCENTE
  4  WHERE FF IS NOT NULL
  5  MINUS
  6  (SELECT DISTINCT P
  7  FROM PROFESOR
  8  NATURAL JOIN PLAN_DOCENTE
  9  WHERE FF IS NULL);

P                                                                               
------------------------------------------------------------                    
CARMEN                                                                          

SQL> SELECT DISTINCT A
  2  FROM ASIGNATURA
  3  WHERE T='GII';

A                                                                               
--------------------------------------------------                              
ALGEBRA                                                                         
BASES DE DATOS                                                                  
INFORMATICA BASICA                                                              
OPTIMIZACION                                                                    
CALCULO                                                                         
GESTION DE RIESGOS                                                              
INTELIGENCIA ARTIFICIAL                                                         

7 rows selected.

SQL> SELECT AR,A
  2  FROM AREA
  3  NATURAL JOIN ASIGNATURA
  4  GROUP BY AR;
SELECT AR,A
          *
ERROR at line 1:
ORA-00979: not a GROUP BY expression 


SQL> SELECT AR,A
  2  FROM AREA
  3  NATURAL JOIN ASIGNATURA;

AR                                                                              
------------------------------------------------------------                    
A                                                                               
--------------------------------------------------                              
LENGUAJES Y SISTEMAS INFORMATICOS                                               
BASES DE DATOS                                                                  
                                                                                
CIENCIAS DE LA COMPUTACION E INTELIGENCIA ARTIFICIAL                            
INTELIGENCIA ARTIFICIAL                                                         
                                                                                
LENGUAJES Y SISTEMAS INFORMATICOS                                               
ALMACENES DE DATOS                                                              
                                                                                

AR                                                                              
------------------------------------------------------------                    
A                                                                               
--------------------------------------------------                              
LENGUAJES Y SISTEMAS INFORMATICOS                                               
MINERIA DE DATOS                                                                
                                                                                
LENGUAJES Y SISTEMAS INFORMATICOS                                               
INFORMATICA BASICA                                                              
                                                                                
ALGEBRA                                                                         
ALGEBRA                                                                         
                                                                                

AR                                                                              
------------------------------------------------------------                    
A                                                                               
--------------------------------------------------                              
MATEMATICA APLICADA                                                             
CALCULO                                                                         
                                                                                
ESTADISTICA E INVESTIGACION OPERATIVA                                           
OPTIMIZACION                                                                    
                                                                                
CIENCIAS DE LA COMPUTACION E INTELIGENCIA ARTIFICIAL                            
GESTION DE RIESGOS                                                              
                                                                                

AR                                                                              
------------------------------------------------------------                    
A                                                                               
--------------------------------------------------                              
ASTRONOMIA Y ASTROFISICA                                                        
ASTRONOMIA                                                                      
                                                                                
DIDACTICA DE LA MATEMATICA                                                      
ENSENANZA DE LA MATEMATICA                                                      
                                                                                
ANALISIS MATEMATICO                                                             
ANALISIS COMPLEJO                                                               
                                                                                

12 rows selected.

SQL> SELECT DISTINCT AR,A
  2  FROM AREA
  3  NATURAL JOIN ASIGNATURA;

AR                                                                              
------------------------------------------------------------                    
A                                                                               
--------------------------------------------------                              
LENGUAJES Y SISTEMAS INFORMATICOS                                               
BASES DE DATOS                                                                  
                                                                                
MATEMATICA APLICADA                                                             
CALCULO                                                                         
                                                                                
CIENCIAS DE LA COMPUTACION E INTELIGENCIA ARTIFICIAL                            
GESTION DE RIESGOS                                                              
                                                                                

AR                                                                              
------------------------------------------------------------                    
A                                                                               
--------------------------------------------------                              
CIENCIAS DE LA COMPUTACION E INTELIGENCIA ARTIFICIAL                            
INTELIGENCIA ARTIFICIAL                                                         
                                                                                
ALGEBRA                                                                         
ALGEBRA                                                                         
                                                                                
LENGUAJES Y SISTEMAS INFORMATICOS                                               
ALMACENES DE DATOS                                                              
                                                                                

AR                                                                              
------------------------------------------------------------                    
A                                                                               
--------------------------------------------------                              
LENGUAJES Y SISTEMAS INFORMATICOS                                               
MINERIA DE DATOS                                                                
                                                                                
ESTADISTICA E INVESTIGACION OPERATIVA                                           
OPTIMIZACION                                                                    
                                                                                
ANALISIS MATEMATICO                                                             
ANALISIS COMPLEJO                                                               
                                                                                

AR                                                                              
------------------------------------------------------------                    
A                                                                               
--------------------------------------------------                              
DIDACTICA DE LA MATEMATICA                                                      
ENSENANZA DE LA MATEMATICA                                                      
                                                                                
LENGUAJES Y SISTEMAS INFORMATICOS                                               
INFORMATICA BASICA                                                              
                                                                                
ASTRONOMIA Y ASTROFISICA                                                        
ASTRONOMIA                                                                      
                                                                                

12 rows selected.

SQL> SELECT D,AR
  2  FROM DEPARTAMENTO
  3  NATURAL JOIN AREA
  4  ORDER BY D,AR
  5  GROUP BY D;
GROUP BY D
*
ERROR at line 5:
ORA-00933: SQL command not properly ended 


SQL> SELECT D,AR
  2  FROM DEPARTAMENTO
  3  NATURAL JOIN AREA
  4  ORDER BY D,AR;

D                                                                               
------------------------------------------------------------                    
AR                                                                              
------------------------------------------------------------                    
ANALISIS MATEMATICO                                                             
ANALISIS MATEMATICO                                                             
                                                                                
ANALISIS MATEMATICO                                                             
DIDACTICA DE LA MATEMATICA                                                      
                                                                                
ANALISIS MATEMATICO                                                             
MATEMATICA APLICADA                                                             
                                                                                

D                                                                               
------------------------------------------------------------                    
AR                                                                              
------------------------------------------------------------                    
ASTROFISICA                                                                     
ASTRONOMIA Y ASTROFISICA                                                        
                                                                                
ESTADISTICA, INVESTIGACION OPERATIVA Y COMPUTACION                              
CIENCIAS DE LA COMPUTACION E INTELIGENCIA ARTIFICIAL                            
                                                                                
ESTADISTICA, INVESTIGACION OPERATIVA Y COMPUTACION                              
ESTADISTICA E INVESTIGACION OPERATIVA                                           
                                                                                

D                                                                               
------------------------------------------------------------                    
AR                                                                              
------------------------------------------------------------                    
ESTADISTICA, INVESTIGACION OPERATIVA Y COMPUTACION                              
LENGUAJES Y SISTEMAS INFORMATICOS                                               
                                                                                
MATEMATICA FUNDAMENTAL                                                          
ALGEBRA                                                                         
                                                                                

8 rows selected.

SQL> SELECT D,P
  2  FROM DEPARTAMENTO
  3  NATURAL JOIN AREA NATURAL JOIN PROFESOR
  4  ORDER BY D,P;

D                                                                               
------------------------------------------------------------                    
P                                                                               
------------------------------------------------------------                    
ANALISIS MATEMATICO                                                             
ANGELA                                                                          
                                                                                
ANALISIS MATEMATICO                                                             
FRANCISCO                                                                       
                                                                                
ANALISIS MATEMATICO                                                             
MARIO                                                                           
                                                                                

D                                                                               
------------------------------------------------------------                    
P                                                                               
------------------------------------------------------------                    
ASTROFISICA                                                                     
CARMEN                                                                          
                                                                                
ESTADISTICA, INVESTIGACION OPERATIVA Y COMPUTACION                              
CARLOS                                                                          
                                                                                
ESTADISTICA, INVESTIGACION OPERATIVA Y COMPUTACION                              
DAVID                                                                           
                                                                                

D                                                                               
------------------------------------------------------------                    
P                                                                               
------------------------------------------------------------                    
ESTADISTICA, INVESTIGACION OPERATIVA Y COMPUTACION                              
JOSE MANUEL                                                                     
                                                                                
ESTADISTICA, INVESTIGACION OPERATIVA Y COMPUTACION                              
JUAN                                                                            
                                                                                
ESTADISTICA, INVESTIGACION OPERATIVA Y COMPUTACION                              
MARIA                                                                           
                                                                                

D                                                                               
------------------------------------------------------------                    
P                                                                               
------------------------------------------------------------                    
ESTADISTICA, INVESTIGACION OPERATIVA Y COMPUTACION                              
PEDRO                                                                           
                                                                                
ESTADISTICA, INVESTIGACION OPERATIVA Y COMPUTACION                              
SOLEDAD                                                                         
                                                                                
MATEMATICA FUNDAMENTAL                                                          
IVAN                                                                            
                                                                                

12 rows selected.

SQL> SELECT DISTINCT D,P
  2  FROM DEPARTAMENTO
  3  NATURAL JOIN AREA NATURAL JOIN PROFESOR
  4  ORDER BY D,P;

D                                                                               
------------------------------------------------------------                    
P                                                                               
------------------------------------------------------------                    
ANALISIS MATEMATICO                                                             
ANGELA                                                                          
                                                                                
ANALISIS MATEMATICO                                                             
FRANCISCO                                                                       
                                                                                
ANALISIS MATEMATICO                                                             
MARIO                                                                           
                                                                                

D                                                                               
------------------------------------------------------------                    
P                                                                               
------------------------------------------------------------                    
ASTROFISICA                                                                     
CARMEN                                                                          
                                                                                
ESTADISTICA, INVESTIGACION OPERATIVA Y COMPUTACION                              
CARLOS                                                                          
                                                                                
ESTADISTICA, INVESTIGACION OPERATIVA Y COMPUTACION                              
DAVID                                                                           
                                                                                

D                                                                               
------------------------------------------------------------                    
P                                                                               
------------------------------------------------------------                    
ESTADISTICA, INVESTIGACION OPERATIVA Y COMPUTACION                              
JOSE MANUEL                                                                     
                                                                                
ESTADISTICA, INVESTIGACION OPERATIVA Y COMPUTACION                              
JUAN                                                                            
                                                                                
ESTADISTICA, INVESTIGACION OPERATIVA Y COMPUTACION                              
MARIA                                                                           
                                                                                

D                                                                               
------------------------------------------------------------                    
P                                                                               
------------------------------------------------------------                    
ESTADISTICA, INVESTIGACION OPERATIVA Y COMPUTACION                              
PEDRO                                                                           
                                                                                
ESTADISTICA, INVESTIGACION OPERATIVA Y COMPUTACION                              
SOLEDAD                                                                         
                                                                                
MATEMATICA FUNDAMENTAL                                                          
IVAN                                                                            
                                                                                

12 rows selected.

SQL> SPOOL OFF
