SQL> SPOOL
currently spooling to PRACT9.lst
SQL> BEGIN
  2  DBMS_OUTPUT.PUT_LINE('HOLA MUNDO');
  3  END;
  4  ,
  5  .
SQL> 
SQL> 
SQL> 
SQL> BEGIN
  2  DBMS_OUTPUT.PUT_LINE('HOLA MUNDO');
  3  END;
  4  /

PL/SQL procedure successfully completed.

SQL> SAVE HOLAMUNDO
Created file HOLAMUNDO.sql
SQL> CREATE PROCEDURE HOLAMUNDO() IS
  2  BEGIN
  3  DBMS_OUTPUT.PUT_LINE('HOLA MUNDO');
  4  END;
  5  /

Warning: Procedure created with compilation errors.

SQL> SHOW ERRORS
Errors for PROCEDURE HOLAMUNDO:

LINE/COL ERROR                                                                  
-------- -----------------------------------------------------------------      
1/21     PLS-00103: Encountered the symbol ")" when expecting one of the        
         following:                                                             
         <an identifier> <a double-quoted delimited-identifier>                 
         current delete exists prior                                            
                                                                                
SQL> CREATE PROCEDURE HOLAMUNDO IS
  2  BEGIN
  3  DBMS_OUTPUT.PUT_LINE('HOLA MUNDO');
  4  END;
  5  /
CREATE PROCEDURE HOLAMUNDO IS
                 *
ERROR at line 1:
ORA-00955: name is already used by an existing object 


SQL> 
SQL> 
SQL> 
SQL> 
SQL> 
SQL> 
SQL> 
SQL> 
SQL> 
SQL> 
SQL> 
SQL> 
SQL> EXIT
SQL> DECLARE
  2  departamento DEPARTAMENTO.D%TYPE
  3  
  4  
  5  ;
  6  
  7  /
DECLARE
*
ERROR at line 1:
ORA-06550: line 6, column 0: 
PLS-00103: Encountered the symbol "end-of-file" when expecting one of the 
following: 
begin function pragma procedure subtype type <an identifier> 
<a double-quoted delimited-identifier> current cursor delete 
exists prior 


SQL> SET SERVEROUTPUT ON;
SQL> DECLARE
  2  departamento DEPARTAMENTO.D%TYPE;
  3  CURSOR c IS
  4  SELECT D, COUNT(CAR) AS NUM_AREAS
  5  GROUP BY CD
  6  ORDER BY NUM_AREAS DESC;
  7  numero NUMBER;
  8  BEGIN
  9  OPEN C;
 10  FOR i IN 1...3 LOOP
 11  FETCH c INTO departamento, numero;
 12  END LOOP;
 13  CLOSE c;
 14  DBMS_OUTPUT.PUT_LINE(departamento);
 15  END;
 16  /
GROUP BY CD
*
ERROR at line 5:
ORA-06550: line 4, column 35: 
PL/SQL: ORA-00923: FROM keyword not found where expected 
ORA-06550: line 4, column 1: 
PL/SQL: SQL Statement ignored 
ORA-06550: line 10, column 11: 
PLS-00103: Encountered the symbol "." when expecting one of the following: 
* & - + / at mod remainder rem .. <an exponent (**)> || 
multiset 


SQL> DECLARE
  2  departamento DEPARTAMENTO.D%TYPE;
  3  CURSOR c IS
  4  SELECT D, COUNT(CAR) AS NUM_AREAS
  5  FROM DEPARTAMENTO NATURAL JOIN AREA
  6  GROUP BY CD
  7  ORDER BY NUM_AREAS DESC;
  8  numero NUMBER;
  9  BEGIN
 10  OPEN c;
 11  FOR i IN 1...3 LOOP
 12  FETCH c INTO departamento, numero;
 13  END LOOP;
 14  CLOSE c;
 15  DBMS_OUTPUT.PUT_LINE(departamento);
 16  END;
 17  /
FOR i IN 1...3 LOOP
          *
ERROR at line 11:
ORA-06550: line 11, column 11: 
PLS-00103: Encountered the symbol "." when expecting one of the following: 
* & - + / at mod remainder rem .. <an exponent (**)> || 
multiset 


SQL> DECLARE
  2  departamento DEPARTAMENTO.D%TYPE;
  3  CURSOR c IS
  4  SELECT D, COUNT(CAR) AS NUM_AREAS
  5  FROM DEPARTAMENTO NATURAL JOIN AREA
  6  GROUP BY CD
  7  ORDER BY NUM_AREAS DESC;
  8  numero NUMBER;
  9  BEGIN
 10  OPEN c;
 11  FOR i IN 1..3 LOOP
 12  FETCH c INTO departamento, numero;
 13  END LOOP;
 14  CLOSE c;
 15  DBMS_OUTPUT.PUT_LINE(departamento);
 16  END;
 17  /
departamento DEPARTAMENTO.D%TYPE;
             *
ERROR at line 2:
ORA-06550: line 2, column 14: 
PLS-00320: the declaration of the type of this expression is incomplete or 
malformed 
ORA-06550: line 2, column 14: 
PL/SQL: Item ignored 
ORA-06550: line 12, column 14: 
PLS-00320: the declaration of the type of this expression is incomplete or 
malformed 
ORA-06550: line 12, column 1: 
PL/SQL: SQL Statement ignored 
ORA-06550: line 15, column 22: 
PLS-00320: the declaration of the type of this expression is incomplete or 
malformed 
ORA-06550: line 15, column 1: 
PL/SQL: Statement ignored 


SQL> DECLARE
  2  departamento DEPARTAMENTO.D%TYPE;
  3  CURSOR c IS SELECT D, COUNT(CAR) AS NUM_AREAS
  4  FROM DEPARTAMENTO NATURAL JOIN AREA
  5  GROUP BY CD
  6  ORDER BY NUM_AREAS DESC;
  7  numero NUMBER;
  8  BEGIN
  9  OPEN c;
 10  FOR i IN 1..3 LOOP
 11  FETCH c INTO departamento, numero;
 12  END LOOP;
 13  CLOSE c;
 14  DBMS_OUTPUT.PUT_LINE(departamento);
 15  END;
 16  /
departamento DEPARTAMENTO.D%TYPE;
             *
ERROR at line 2:
ORA-06550: line 2, column 14: 
PLS-00320: the declaration of the type of this expression is incomplete or 
malformed 
ORA-06550: line 2, column 14: 
PL/SQL: Item ignored 
ORA-06550: line 11, column 14: 
PLS-00320: the declaration of the type of this expression is incomplete or 
malformed 
ORA-06550: line 11, column 1: 
PL/SQL: SQL Statement ignored 
ORA-06550: line 14, column 22: 
PLS-00320: the declaration of the type of this expression is incomplete or 
malformed 
ORA-06550: line 14, column 1: 
PL/SQL: Statement ignored 


SQL> DECLARE
  2  departamento DEPARTAMENTO.D%TYPE;
  3  BEGIN
  4  NULL
  5  END;
  6  /
END;
*
ERROR at line 5:
ORA-06550: line 5, column 1: 
PLS-00103: Encountered the symbol "END" when expecting one of the following: 
; 
The symbol ";" was substituted for "END" to continue. 


SQL> DECLARE
  2  departamento DEPARTAMENTO.D%TYPE;
  3  BEGIN
  4  END;
  5  /
END;
*
ERROR at line 4:
ORA-06550: line 4, column 1: 
PLS-00103: Encountered the symbol "END" when expecting one of the following: 
( begin case declare exit for goto if loop mod null pragma 
raise return select update while with <an identifier> 
<a double-quoted delimited-identifier> <a bind variable> << 
continue close current delete fetch lock insert open rollback 
savepoint set sql execute commit forall merge pipe purge 
json_exists json_value json_query json_object json_array 


SQL> DECLARE
  2  departamento DEPARTAMENTO.D%TYPE;
  3  BEGIN
  4  NULL;
  5  END;
  6  /
departamento DEPARTAMENTO.D%TYPE;
             *
ERROR at line 2:
ORA-06550: line 2, column 14: 
PLS-00320: the declaration of the type of this expression is incomplete or 
malformed 
ORA-06550: line 2, column 14: 
PL/SQL: Item ignored 


SQL> DECLARE
  2  departamento DEPARTAMENTO.D%TYPE;
  3  BEGIN
  4  NULL;
  5  END;
  6  /
departamento DEPARTAMENTO.D%TYPE;
             *
ERROR at line 2:
ORA-06550: line 2, column 14: 
PLS-00320: the declaration of the type of this expression is incomplete or 
malformed 
ORA-06550: line 2, column 14: 
PL/SQL: Item ignored 


SQL> DECLARE
  2  V_D DEPARTAMENTO.D%TYPE;
  3  BEGIN
  4  NULL;
  5  END;
  6  /

PL/SQL procedure successfully completed.

SQL> DECLARE
  2  dep DEPARTAMENTO.D%TYPE;
  3  BEGIN
  4  
  5  NULL;
  6  END;
  7  /

PL/SQL procedure successfully completed.

SQL> DECLARE
  2  dep DEPARTAMENTO.D%TYPE;
  3  CURSOR c IS SELECT D, COUNT(CAR) AS NUM_AREAS
  4  FROM DEPARTAMENTO NATURAL JOIN AREA
  5  GROUP BY CD
  6  ORDER BY NUM_AREAS DESC;
  7  numero NUMBER;
  8  BEGIN
  9  OPEN c;
 10  FOR i IN 1..3 LOOP
 11  FETCH c INTO dep, numero;
 12  END LOOP;
 13  CLOSE c;
 14  DBMS_OUTPUT.PUT_LINE(dep);
 15  END;
 16  /
DECLARE
*
ERROR at line 1:
ORA-00979: not a GROUP BY expression 
ORA-06512: at line 3 
ORA-06512: at line 9 


SQL> DECLARE                                                                                                              2  dep DEPARTAMENTO.D%TYPE;                                                                                             3  CURSOR c IS SELECT D, COUNT(CAR) AS NUM_AREAS                                                                        4  FROM DEPARTAMENTO NATURAL JOIN AREA
  2  GROUP BY D
  3  /
DECLARE                                                                                                              2  dep DEPARTAMENTO.D%TYPE;                                                                                             3  CURSOR c IS SELECT D, COUNT(CAR) AS NUM_AREAS                                                                        4  FROM DEPARTAMENTO NATURAL JOIN AREA
                                                                                                                     *
ERROR at line 1:
ORA-06550: line 1, column 118: 
PLS-00103: Encountered the symbol "2" when expecting one of the following: 
begin function pragma procedure subtype type <an identifier> 
<a double-quoted delimited-identifier> current cursor delete 
exists prior 
The symbol "2" was ignored. 
ORA-06550: line 1, column 238: 
PLS-00103: Encountered the symbol "3" when expecting one of the following: 
begin function pragma procedure subtype type <an identifier> 
<a double-quoted delimited-identifier> current cursor delete 
exists prior 


SQL> DECLARE
  2    2  dep DEPARTAMENTO.D%TYPE;
  3    3  CURSOR c IS SELECT D, COUNT(CAR) AS NUM_AREAS
  4    4  FROM DEPARTAMENTO NATURAL JOIN AREA
  5    5  GROUP BY CD
  6    6  ORDER BY NUM_AREAS DESC;
  7    7  numero NUMBER;
  8    8  BEGIN
  9    9  OPEN c;
 10   10  FOR i IN 1..3 LOOP
 11   11  FETCH c INTO dep, numero;
 12   12  END LOOP;
 13   13  CLOSE c;
 14   14  DBMS_OUTPUT.PUT_LINE(dep);
 15  dep DEPARTAMENTO.D%TYPE;
 16  /
  2  dep DEPARTAMENTO.D%TYPE;
  *
ERROR at line 2:
ORA-06550: line 2, column 3: 
PLS-00103: Encountered the symbol "2" when expecting one of the following: 
begin function pragma procedure subtype type <an identifier> 
<a double-quoted delimited-identifier> current cursor delete 
exists prior 
The symbol "2" was ignored. 
ORA-06550: line 3, column 3: 
PLS-00103: Encountered the symbol "3" when expecting one of the following: 
begin function pragma procedure subtype type <an identifier> 
<a double-quoted delimited-identifier> current cursor delete 
exists prior 


SQL> DECLARE
  2  dep DEPARTAMENTO.D%TYPE;
  3  CURSOR c IS SELECT D, COUNT(CAR) AS NUM_AREAS
  4  FROM DEPARTAMENTO NATURAL JOIN AREA
  5  GROUP BY D
  6  ORDER BY NUM_AREAS DESC;
  7  numero NUMBER;
  8  BEGIN
  9  OPEN c;
 10  FOR i IN 1..3 LOOP
 11  FETCH c INTO dep, numero;
 12  END LOOP;
 13  CLOSE c;
 14  DBMS_OUTPUT.PUT_LINE(dep);
 15  END:
 16  ;
 17  /
END:
   *
ERROR at line 15:
ORA-06550: line 15, column 4: 
PLS-00103: Encountered the symbol " 
" when expecting one of the following: 
; <an identifier> <a double-quoted delimited-identifier> 
The symbol " 
" was ignored. 


SQL> DECLARE                                                                                                              2  dep DEPARTAMENTO.D%TYPE;                                                                                             3  CURSOR c IS SELECT D, COUNT(CAR) AS NUM_AREAS                                                                        4  FROM DEPARTAMENTO NATURAL JOIN AREA                                                                                  5  GROUP BY D                                                                                                           6  ORDER BY NUM_AREAS DESC;                                                                                             7  numero NUMBER;                                                                                                       8  BEGIN                                                                                                                9  OPEN c;                                                                                                             10  FOR i IN 1..3 LOOP                                                                                                  11  FETCH c INTO dep, numero;                                                                                           12  END LOOP;                                                                                                           13  CLOSE c;                                                                                                            14  DBMS_OUTPUT.PUT_LINE(dep);                                                                                          15  END;
  2  /
DECLARE                                                                                                              2  dep DEPARTAMENTO.D%TYPE;                                                                                             3  CURSOR c IS SELECT D, COUNT(CAR) AS NUM_AREAS                                                                        4  FROM DEPARTAMENTO NATURAL JOIN AREA                                                                                  5  GROUP BY D                                                                                                           6  ORDER BY NUM_AREAS DESC;                                                                                             7  numero NUMBER;                                                                                                       8  BEGIN                                                                                                                9  OPEN c;                                                                                                             10  FOR i IN 1..3 LOOP                                                                                                  11  FETCH c INTO dep, numero;                                                                                           12  END LOOP;                                                                                                           13  CLOSE c;                                                                                                            14  DBMS_OUTPUT.PUT_LINE(dep);                                                                                          15  END;
                                                                                                                     *
ERROR at line 1:
ORA-06550: line 1, column 118: 
PLS-00103: Encountered the symbol "2" when expecting one of the following: 
begin function pragma procedure subtype type <an identifier> 
<a double-quoted delimited-identifier> current cursor delete 
exists prior 
The symbol "2" was ignored. 
ORA-06550: line 1, column 238: 
PLS-00103: Encountered the symbol "3" when expecting one of the following: 
begin function pragma procedure subtype type <an identifier> 
<a double-quoted delimited-identifier> current cursor delete 
exists prior 


SQL> DECLARE                                                                                                              2  dep DEPARTAMENTO.D%TYPE;                                                                                             3  CURSOR c IS SELECT D, COUNT(CAR) AS NUM_AREAS                                                                        4  FROM DEPARTAMENTO NATURAL JOIN AREA                                                                                  5  GROUP BY D                                                                                                           6  ORDER BY NUM_AREAS DESC;                                                                                             7  numero NUMBER;                                                                                                       8  BEGIN                                                                                                                9  OPEN c;                                                                                                             10  FOR i IN 1..3 LOOP                                                                                                  11  FETCH c INTO dep, numero;                                                                                           12  END LOOP;                                                                                                           13  CLOSE c;                                                                                                            14  DBMS_OUTPUT.PUT_LINE(dep);                                                                                          15  END;
  2  
  3  
  4  
  5  
  6  
  7  
  8  
  9  
 10  
 11  
 12  
 13  
 14  
 15  
 16  
 17  /
DECLARE                                                                                                              2  dep DEPARTAMENTO.D%TYPE;                                                                                             3  CURSOR c IS SELECT D, COUNT(CAR) AS NUM_AREAS                                                                        4  FROM DEPARTAMENTO NATURAL JOIN AREA                                                                                  5  GROUP BY D                                                                                                           6  ORDER BY NUM_AREAS DESC;                                                                                             7  numero NUMBER;                                                                                                       8  BEGIN                                                                                                                9  OPEN c;                                                                                                             10  FOR i IN 1..3 LOOP                                                                                                  11  FETCH c INTO dep, numero;                                                                                           12  END LOOP;                                                                                                           13  CLOSE c;                                                                                                            14  DBMS_OUTPUT.PUT_LINE(dep);                                                                                          15  END;
                                                                                                                     *
ERROR at line 1:
ORA-06550: line 1, column 118: 
PLS-00103: Encountered the symbol "2" when expecting one of the following: 
begin function pragma procedure subtype type <an identifier> 
<a double-quoted delimited-identifier> current cursor delete 
exists prior 
The symbol "2" was ignored. 
ORA-06550: line 1, column 238: 
PLS-00103: Encountered the symbol "3" when expecting one of the following: 
begin function pragma procedure subtype type <an identifier> 
<a double-quoted delimited-identifier> current cursor delete 
exists prior 


SQL> DECLARE
  2  dep DEPARTAMENTO.D%TYPE;
  3  CURSOR c IS SELECT D, COUNT(CAR) AS NUM_AREAS
  4  FROM DEPARTAMENTO NATURAL JOIN AREA
  5  GROUP BY D
  6  ORDER BY NUM_AREAS DESC;
  7  numero NUMBER;
  8  BEGIN
  9  OPEN c;
 10  FOR i IN 1..3 LOOP
 11  FETCH c INTO dep, numero;
 12  END LOOP;
 13  CLOSE c;
 14  DBMS_OUTPUT.PUT_LINE(dep);
 15  END;
 16  /
MATEMATICA FUNDAMENTAL                                                          

PL/SQL procedure successfully completed.

SQL> CREATE PROCEDURE NOM_AREAS (COD_DEP DEPARTAMENTO.CD%TYPE)
  2  IS
  3  CURSOR c IS SELECT AR FROM AREA WHERE CD = COD_DEP;
  4  NOM_AREA AREA.AR%TYPE;
  5  BEGIN
  6  OPEN c;
  7  IF c%NOTFOUND THEN
  8  DBMS_OUTPUT.PUT_LINE('No hay areas adscritas a este departamento.');
  9  ELSE
 10  DBMS_OUTPUT.PUT_LINE('Las areas adscritas son:');
 11  LOOP
 12  EXIT WHEN c%NOTFOUND;
 13  FETCH c INTO NOM_AREA;
 14  DBMS_OUTPUT.PUT_LINE('- ' || NUM_AREA);
 15  END LOOP
 16  ;
 17  END IF;
 18  CLOSE c;
 19  END;
 20  /

Warning: Procedure created with compilation errors.

SQL> SHOW ERRORS
Errors for PROCEDURE NOM_AREAS:

LINE/COL ERROR                                                                  
-------- -----------------------------------------------------------------      
14/1     PL/SQL: Statement ignored                                              
14/30    PLS-00201: identifier 'NUM_AREA' must be declared                      
SQL> CREATE OR REPLACE PROCEDURE NOM_AREAS (COD_DEP DEPARTAMENTO.CD%TYPE)
  2  IS
  3  CURSOR c IS SELECT AR FROM AREA WHERE CD = COD_DEP;
  4  NOM_AREA AREA.AR%TYPE;
  5  BEGIN
  6  OPEN c;
  7  IF c%NOTFOUND THEN
  8  DBMS_OUTPUT.PUT_LINE('No hay areas adscritas a este departamento.');
  9  ELSE
 10  DBMS_OUTPUT.PUT_LINE('Las areas adscritas son:');
 11  LOOP
 12  EXIT WHEN c%NOTFOUND;
 13  FETCH c INTO NOM_AREA;
 14  DBMS_OUTPUT.PUT_LINE('- ' || NOM_AREA);
 15  END LOOP;
 16  END IF;
 17  CLOSE c;
 18  END;
 19  /

Procedure created.

SQL> CALL NOM_AREAS (1);
Las areas adscritas son:                                                        
- ANALISIS MATEMATICO                                                           
- DIDACTICA DE LA MATEMATICA                                                    
- MATEMATICA APLICADA                                                           
- MATEMATICA APLICADA                                                           

Call completed.

SQL> CALL NOM_AREAS (3);
Las areas adscritas son:                                                        
- CIENCIAS DE LA COMPUTACION E INTELIGENCIA ARTIFICIAL                          
- ESTADISTICA E INVESTIGACION OPERATIVA                                         
- LENGUAJES Y SISTEMAS INFORMATICOS                                             
- LENGUAJES Y SISTEMAS INFORMATICOS                                             

Call completed.

SQL> CALL NOM_AREAS (2);
Las areas adscritas son:                                                        
- ASTRONOMIA Y ASTROFISICA                                                      
- ASTRONOMIA Y ASTROFISICA                                                      

Call completed.

SQL> CALL NOM_AREAS (6);
Las areas adscritas son:                                                        
-                                                                               

Call completed.

SQL> CREATE OR REPLACE PROCEDURE NOM_AREAS (COD_DEP DEPARTAMENTO.CD%TYPE)
  2  IS
  3  CURSOR c IS SELECT AR FROM AREA WHERE CD = COD_DEP;
  4  NOM_AREA AREA.AR%TYPE;
  5  BEGIN
  6  DBMS_OUTPUT.PUT_LINE('Las areas adscritas son:');
  7  LOOP
  8  FETCH c INTO NOM_AREA;
  9  EXIT WHEN c%NOTFOUND;
 10  DBMS_OUTPUT.PUT_LINE('- ' || NOM_AREA);
 11  END LOOP
 12  CLOSE c;
 13  END;
 14  /

Warning: Procedure created with compilation errors.

SQL> SHOW ERRORS
Errors for PROCEDURE NOM_AREAS:

LINE/COL ERROR                                                                  
-------- -----------------------------------------------------------------      
12/7     PLS-00103: Encountered the symbol "C" when expecting one of the        
         following:                                                             
         ;                                                                      
         The symbol ";" was substituted for "C" to continue.                    
                                                                                
SQL> CREATE OR REPLACE PROCEDURE NOM_AREAS (COD_DEP DEPARTAMENTO.CD%TYPE)
  2  IS
  3  CURSOR c IS SELECT AR FROM AREA WHERE CD = COD_DEP;
  4  NOM_AREA AREA.AR%TYPE;
  5  BEGIN
  6  DBMS_OUTPUT.PUT_LINE('Las areas adscritas son:');
  7  LOOP
  8  FETCH c INTO NOM_AREA;
  9  EXIT WHEN c%NOTFOUND;
 10  DBMS_OUTPUT.PUT_LINE('- ' || NOM_AREA);
 11  END LOOP;
 12  CLOSE c;
 13  END;
 14  /

Procedure created.

SQL> CALL NOM_AREAS(1);
Las areas adscritas son:                                                        
CALL NOM_AREAS(1)
     *
ERROR at line 1:
ORA-01001: invalid cursor 
ORA-06512: at "ALU0100904932.NOM_AREAS", line 8 


SQL> CALL NOM_AREAS(2);
Las areas adscritas son:                                                        
CALL NOM_AREAS(2)
     *
ERROR at line 1:
ORA-01001: invalid cursor 
ORA-06512: at "ALU0100904932.NOM_AREAS", line 8 


SQL> CALL NOM_AREAS (1);
Las areas adscritas son:                                                        
CALL NOM_AREAS (1)
     *
ERROR at line 1:
ORA-01001: invalid cursor 
ORA-06512: at "ALU0100904932.NOM_AREAS", line 8 


SQL> CREATE OR REPLACE PROCEDURE NOM_AREAS (COD_DEP DEPARTAMENTO.CD%TYPE)
  2  IS
  3  CURSOR C IS SELECT AR FROM AREA WHERE CD = COD_DEP;
  4  NOM_AREA AREA.AR%TYPE;
  5  BEGIN
  6  OPEN C;
  7  LOOP
  8  ;
  9  /

Warning: Procedure created with compilation errors.

SQL> CREATE OR REPLACE PROCEDURE NOM_AREAS (COD_DEP DEPARTAMENTO.CD%TYPE)
  2  IS
  3  CURSOR C IS SELECT AR FROM AREA WHERE CD = COD_DEP;
  4  NOM_AREA AREA.AR%TYPE;
  5  BEGIN
  6  OPEN C;
  7  DBMS_OUTPUT.PUT_LINE('Las areas adscritas son:');
  8  LOOP;
  9  /

Warning: Procedure created with compilation errors.

SQL> CREATE OR REPLACE PROCEDURE NOM_AREAS (COD_DEP DEPARTAMENTO.CD%TYPE)
  2  IS
  3  CURSOR C IS SELECT AR FROM AREA WHERE CD = COD_DEP;
  4  NOM_AREA AREA.AR%TYPE;
  5  BEGIN
  6  OPEN C;
  7  DBMS_OUTPUT.PUT_LINE('Las areas adscritas son:');
  8  LOOP
  9  FETCH C INTO NOM_AREA;
 10  EXIT WHEN C%NOTFOUND;
 11  DBMS_OUTPUT.PUT_LINE('- ' || NOM_AREA);
 12  END LOOP;
 13  CLOSE C;
 14  END;
 15  /

Procedure created.

SQL> CALL NOM_AREAS (1);
Las areas adscritas son:                                                        
- ANALISIS MATEMATICO                                                           
- DIDACTICA DE LA MATEMATICA                                                    
- MATEMATICA APLICADA                                                           

Call completed.

SQL> CALL NOM_AREAS (2);
Las areas adscritas son:                                                        
- ASTRONOMIA Y ASTROFISICA                                                      

Call completed.

SQL> CALL NOM_AREAS (6);
Las areas adscritas son:                                                        

Call completed.

SQL> SPOOL
currently spooling to PRACT9.lst
SQL> SPOOL OFF
